{
  "cpu.core": {
    "bounding_boxes": [
      [
        [
          100,
          134,
          -20
        ],
        [
          104,
          136,
          -18
        ]
      ],
      [
        [
          110,
          137,
          -10
        ],
        [
          114,
          139,
          -8
        ]
      ]
    ],
    "metadata": {
      "logic.cache_mb": 2,
      "logic.clock_hz": 4
    }
  }
}
