{
  "a": {
    "bounding_boxes": [
      [
        [
          0,
          64,
          0
        ],
        [
          1,
          65,
          1
        ]
      ]
    ],
    "metadata": {}
  },
  "b": {
    "bounding_boxes": [
      [
        [
          2,
          64,
          0
        ],
        [
          3,
          65,
          1
        ]
      ]
    ],
    "metadata": {}
  },
  "core": {
    "bounding_boxes": [
      [
        [
          0,
          64,
          0
        ],
        [
          1,
          65,
          1
        ]
      ],
      [
        [
          2,
          64,
          0
        ],
        [
          3,
          65,
          1
        ]
      ]
    ],
    "metadata": {
      "desc": "Combined regions"
    }
  }
}
