---
source: crates/insign-core/src/lib.rs
expression: error_message
---
Parser error: Phase 0 supports only '+' operator at position 9. Found '&'
