{
  "base": {
    "bounding_boxes": [
      [
        [
          0,
          0,
          0
        ],
        [
          7,
          7,
          7
        ]
      ]
    ],
    "metadata": {}
  },
  "combined": {
    "bounding_boxes": [
      [
        [
          0,
          0,
          0
        ],
        [
          7,
          7,
          7
        ]
      ],
      [
        [
          8,
          0,
          0
        ],
        [
          15,
          7,
          7
        ]
      ]
    ],
    "metadata": {
      "components": [
        "base",
        "extension"
      ],
      "type": "union"
    }
  },
  "extension": {
    "bounding_boxes": [
      [
        [
          8,
          0,
          0
        ],
        [
          15,
          7,
          7
        ]
      ]
    ],
    "metadata": {}
  }
}